should match the snapshot:
  1: |
    apiVersion: apps/v1
    kind: Deployment
    metadata:
      labels:
        app.kubernetes.io/instance: RELEASE-NAME
        app.kubernetes.io/managed-by: Helm
        app.kubernetes.io/name: teleport-plugin-jira
        app.kubernetes.io/version: 9.0.4
        helm.sh/chart: teleport-plugin-jira-1.0.0
      name: RELEASE-NAME-teleport-plugin-jira
    spec:
      replicas: 1
      selector:
        matchLabels:
          app.kubernetes.io/instance: RELEASE-NAME
          app.kubernetes.io/name: teleport-plugin-jira
      template:
        metadata:
          labels:
            app.kubernetes.io/instance: RELEASE-NAME
            app.kubernetes.io/name: teleport-plugin-jira
        spec:
          containers:
          - command:
            - /usr/local/bin/teleport-plugin
            - start
            - --config
            - /etc/teleport-jira.toml
            image: gcr.io/overridden/repository:v98.76.54
            imagePullPolicy: IfNotPresent
            name: teleport-plugin-jira
            ports:
            - containerPort: 80
              name: http
              protocol: TCP
            resources: {}
            securityContext: {}
            volumeMounts:
            - mountPath: /etc/teleport-jira.toml
              name: config
              subPath: teleport-jira.toml
            - mountPath: /var/lib/teleport/plugins/jira/auth_id
              name: auth-id
              subPath: auth_id
          securityContext: {}
          volumes:
          - configMap:
              defaultMode: 384
              name: RELEASE-NAME-teleport-plugin-jira
            name: config
          - name: auth-id
            secret:
              defaultMode: 384
              secretName: ""
